// Jest Snapshot v1, https://goo.gl/fbAQLP

exports[`Calculator component should render snapshot 1`] = `
<form>
  <input
    defaultValue={0}
    type="number"
  />
  <input
    defaultValue={0}
    type="number"
  />
  <button
    aria-label="Add"
    onClick={[Function]}
    type="button"
  />
  <p
    className="result"
  />
</form>
`;
